// Jest Snapshot v1, https://goo.gl/fbAQLP

exports[`<BallPulse> BallPulse should match snapshot 1`] = `
@keyframes animation-0 {
  0% {
    opacity: 1;
    -webkit-transform: scale(1);
    -moz-transform: scale(1);
    -ms-transform: scale(1);
    transform: scale(1);
  }

  45% {
    opacity: 0.7;
    -webkit-transform: scale(0.1);
    -moz-transform: scale(0.1);
    -ms-transform: scale(0.1);
    transform: scale(0.1);
  }

  80% {
    opacity: 1;
    -webkit-transform: scale(1);
    -moz-transform: scale(1);
    -ms-transform: scale(1);
    transform: scale(1);
  }
}

@keyframes animation-0 {
  0% {
    opacity: 1;
    -webkit-transform: scale(1);
    -moz-transform: scale(1);
    -ms-transform: scale(1);
    transform: scale(1);
  }

  45% {
    opacity: 0.7;
    -webkit-transform: scale(0.1);
    -moz-transform: scale(0.1);
    -ms-transform: scale(0.1);
    transform: scale(0.1);
  }

  80% {
    opacity: 1;
    -webkit-transform: scale(1);
    -moz-transform: scale(1);
    -ms-transform: scale(1);
    transform: scale(1);
  }
}

@keyframes animation-0 {
  0% {
    opacity: 1;
    -webkit-transform: scale(1);
    -moz-transform: scale(1);
    -ms-transform: scale(1);
    transform: scale(1);
  }

  45% {
    opacity: 0.7;
    -webkit-transform: scale(0.1);
    -moz-transform: scale(0.1);
    -ms-transform: scale(0.1);
    transform: scale(0.1);
  }

  80% {
    opacity: 1;
    -webkit-transform: scale(1);
    -moz-transform: scale(1);
    -ms-transform: scale(1);
    transform: scale(1);
  }
}

.emotion-0>div:nth-of-type(1) {
  -webkit-animation: animation-0 0.75s -0.24s infinite cubic-bezier(.2,.68,.18,1.08);
  animation: animation-0 0.75s -0.24s infinite cubic-bezier(.2,.68,.18,1.08);
}

.emotion-0>div:nth-of-type(2) {
  -webkit-animation: animation-0 0.75s -0.12s infinite cubic-bezier(.2,.68,.18,1.08);
  animation: animation-0 0.75s -0.12s infinite cubic-bezier(.2,.68,.18,1.08);
}

.emotion-0>div:nth-of-type(3) {
  -webkit-animation: animation-0 0.75s 0.00s infinite cubic-bezier(.2,.68,.18,1.08);
  animation: animation-0 0.75s 0.00s infinite cubic-bezier(.2,.68,.18,1.08);
}

.emotion-0>div {
  border-radius: 100%;
  height: 15px;
  margin: 2px;
  width: 15px;
  background-color: #ffffff;
  -webkit-animation-fill-mode: both;
  animation-fill-mode: both;
  display: inline-block;
}

<div
  class="emotion-0"
>
  <div />
  <div />
  <div />
</div>
`;
