// Jest Snapshot v1, https://goo.gl/fbAQLP

exports[`<BallScaleRippleMultiple> BallScaleRippleMultiple should match snapshot 1`] = `
@keyframes animation-0 {
  0% {
    opacity: 1;
    -webkit-transform: scale(0.1);
    -moz-transform: scale(0.1);
    -ms-transform: scale(0.1);
    transform: scale(0.1);
  }

  100% {
    opacity: 0;
  }

  70% {
    opacity: 0.7;
    -webkit-transform: scale(1);
    -moz-transform: scale(1);
    -ms-transform: scale(1);
    transform: scale(1);
  }
}

.emotion-0 {
  position: relative;
  -webkit-transform: translateY(-25);
  -moz-transform: translateY(-25);
  -ms-transform: translateY(-25);
  transform: translateY(-25);
}

.emotion-0>div:nth-of-type(0) {
  -webkit-animation-delay: -0.80s;
  animation-delay: -0.80s;
}

.emotion-0>div:nth-of-type(1) {
  -webkit-animation-delay: -0.60s;
  animation-delay: -0.60s;
}

.emotion-0>div:nth-of-type(2) {
  -webkit-animation-delay: -0.40s;
  animation-delay: -0.40s;
}

.emotion-0>div:nth-of-type(3) {
  -webkit-animation-delay: -0.20s;
  animation-delay: -0.20s;
}

.emotion-0>div {
  -webkit-animation-fill-mode: both;
  animation-fill-mode: both;
  -webkit-animation: animation-0 1.25s 0s infinite cubic-bezier(.21,.53,.56,.8);
  animation: animation-0 1.25s 0s infinite cubic-bezier(.21,.53,.56,.8);
  border: 2px solid #ffffff;
  border-radius: 100%;
  height: 50px;
  left: -26px;
  position: absolute;
  top: -2px;
  width: 50px;
}

<div
  class="emotion-0"
>
  <div />
  <div />
  <div />
</div>
`;
