// Jest Snapshot v1, https://goo.gl/fbAQLP

exports[`<BallScale> BallScale should match snapshot 1`] = `
@keyframes animation-0 {
  0% {
    -webkit-transform: scale(0.0);
    -moz-transform: scale(0.0);
    -ms-transform: scale(0.0);
    transform: scale(0.0);
  }

  100% {
    opacity: 0;
    -webkit-transform: scale(1.0);
    -moz-transform: scale(1.0);
    -ms-transform: scale(1.0);
    transform: scale(1.0);
  }
}

.emotion-0>div {
  border-radius: 100%;
  height: 60px;
  margin: 2px;
  width: 60px;
  background-color: #ffffff;
  -webkit-animation-fill-mode: both;
  animation-fill-mode: both;
  -webkit-animation: animation-0 1s 0s ease-in-out infinite;
  animation: animation-0 1s 0s ease-in-out infinite;
  display: inline-block;
}

<div
  class="emotion-0"
>
  <div />
</div>
`;
