// Jest Snapshot v1, https://goo.gl/fbAQLP

exports[`<BallPulseRise> BallPulseRise should match snapshot 1`] = `
@keyframes animation-0 {
  0% {
    -webkit-transform: scale(1.1);
    -moz-transform: scale(1.1);
    -ms-transform: scale(1.1);
    transform: scale(1.1);
  }

  100% {
    -webkit-transform: scale(1.0);
    -moz-transform: scale(1.0);
    -ms-transform: scale(1.0);
    transform: scale(1.0);
  }

  25% {
    -webkit-transform: translateY(-30px);
    -moz-transform: translateY(-30px);
    -ms-transform: translateY(-30px);
    transform: translateY(-30px);
  }

  50% {
    -webkit-transform: scale(0.4);
    -moz-transform: scale(0.4);
    -ms-transform: scale(0.4);
    transform: scale(0.4);
  }

  75% {
    -webkit-transform: translateY(30px);
    -moz-transform: translateY(30px);
    -ms-transform: translateY(30px);
    transform: translateY(30px);
  }

  99% {
    -webkit-transform: translateY(0);
    -moz-transform: translateY(0);
    -ms-transform: translateY(0);
    transform: translateY(0);
  }
}

@keyframes animation-0 {
  0% {
    -webkit-transform: scale(1.1);
    -moz-transform: scale(1.1);
    -ms-transform: scale(1.1);
    transform: scale(1.1);
  }

  100% {
    -webkit-transform: scale(1.0);
    -moz-transform: scale(1.0);
    -ms-transform: scale(1.0);
    transform: scale(1.0);
  }

  25% {
    -webkit-transform: translateY(-30px);
    -moz-transform: translateY(-30px);
    -ms-transform: translateY(-30px);
    transform: translateY(-30px);
  }

  50% {
    -webkit-transform: scale(0.4);
    -moz-transform: scale(0.4);
    -ms-transform: scale(0.4);
    transform: scale(0.4);
  }

  75% {
    -webkit-transform: translateY(30px);
    -moz-transform: translateY(30px);
    -ms-transform: translateY(30px);
    transform: translateY(30px);
  }

  99% {
    -webkit-transform: translateY(0);
    -moz-transform: translateY(0);
    -ms-transform: translateY(0);
    transform: translateY(0);
  }
}

.emotion-0>div {
  border-radius: 100%;
  height: 15px;
  margin: 2px;
  width: 15px;
  background-color: #ffffff;
  -webkit-animation-fill-mode: both;
  animation-fill-mode: both;
  -webkit-animation-delay: 0;
  animation-delay: 0;
  -webkit-animation-duration: 1s;
  animation-duration: 1s;
  -webkit-animation-iteration-count: infinite;
  animation-iteration-count: infinite;
  -webkit-animation-timing-function: cubic-bezier(.15,.46,.9,.6);
  animation-timing-function: cubic-bezier(.15,.46,.9,.6);
  display: inline-block;
}

.emotion-0>div:nth-of-type(2n) {
  -webkit-animation-name: animation-0;
  animation-name: animation-0;
}

.emotion-0>div:nth-of-type(2n-1) {
  -webkit-animation-name: animation-0;
  animation-name: animation-0;
}

<div
  class="emotion-0"
>
  <div />
  <div />
  <div />
  <div />
  <div />
</div>
`;
