// Jest Snapshot v1, https://goo.gl/fbAQLP

exports[`<BallRotate> BallRotate should match snapshot 1`] = `
@keyframes animation-0 {
  0% {
    -webkit-transform: rotate(0deg) scale(1);
    -moz-transform: rotate(0deg) scale(1);
    -ms-transform: rotate(0deg) scale(1);
    transform: rotate(0deg) scale(1);
  }

  100% {
    -webkit-transform: rotate(360deg) scale(1);
    -moz-transform: rotate(360deg) scale(1);
    -ms-transform: rotate(360deg) scale(1);
    transform: rotate(360deg) scale(1);
  }

  50% {
    -webkit-transform: rotate(180deg) scale(.6);
    -moz-transform: rotate(180deg) scale(.6);
    -ms-transform: rotate(180deg) scale(.6);
    transform: rotate(180deg) scale(.6);
  }
}

.emotion-0 {
  position: relative;
}

.emotion-0>div {
  border-radius: 100%;
  height: 15px;
  margin: 2px;
  width: 15px;
  background-color: #ffffff;
  -webkit-animation-fill-mode: both;
  animation-fill-mode: both;
  position: relative;
}

.emotion-0>div:first-of-type {
  -webkit-animation: animation-0 1s 0s cubic-bezier(.7,-.13,.22,.86) infinite;
  animation: animation-0 1s 0s cubic-bezier(.7,-.13,.22,.86) infinite;
}

.emotion-0>div:before,
.emotion-0>div:after {
  border-radius: 100%;
  height: 15px;
  margin: 2px;
  width: 15px;
  background-color: #ffffff;
  content: '';
  opacity: 0.8;
  position: absolute;
}

.emotion-0>div:before {
  left: -28px;
  top: 0px;
}

.emotion-0>div:after {
  left: 25px;
  top: 0px;
}

<div
  class="emotion-0"
>
  <div />
</div>
`;
