// Jest Snapshot v1, https://goo.gl/fbAQLP

exports[`<BallScaleMultiple> BallScaleMultiple should match snapshot 1`] = `
@keyframes animation-0 {
  0% {
    opacity: 0;
    -webkit-transform: scale(0.0);
    -moz-transform: scale(0.0);
    -ms-transform: scale(0.0);
    transform: scale(0.0);
  }

  100% {
    opacity: 0;
    -webkit-transform: scale(1.0);
    -moz-transform: scale(1.0);
    -ms-transform: scale(1.0);
    transform: scale(1.0);
  }

  5% {
    opacity: 1;
  }
}

.emotion-0 {
  position: relative;
  -webkit-transform: translateY(-60px / 2);
  -moz-transform: translateY(-60px / 2);
  -ms-transform: translateY(-60px / 2);
  transform: translateY(-60px / 2);
}

.emotion-0>div:nth-of-type(2) {
  -webkit-animation-delay: -0.20s;
  animation-delay: -0.20s;
}

.emotion-0>div:nth-of-type(3) {
  -webkit-animation-delay: 0.00s;
  animation-delay: 0.00s;
}

.emotion-0>div {
  border-radius: 100%;
  height: 60px;
  margin: 0;
  width: 60px;
  background-color: #ffffff;
  -webkit-animation-fill-mode: both;
  animation-fill-mode: both;
  -webkit-animation: animation-0 1s 0s linear infinite;
  animation: animation-0 1s 0s linear infinite;
  left: -30px;
  opacity: 0;
  position: absolute;
  top: 0px;
}

<div
  class="emotion-0"
>
  <div />
  <div />
  <div />
</div>
`;
