// Jest Snapshot v1, https://goo.gl/fbAQLP

exports[`<BallScaleRandom> BallScaleRandom should match snapshot 1`] = `
@keyframes animation-0 {
  100% {
    opacity: 1;
    -webkit-transform: scale(1);
    -moz-transform: scale(1);
    -ms-transform: scale(1);
    transform: scale(1);
  }

  50% {
    opacity: 0.2;
    -webkit-transform: scale(0.75);
    -moz-transform: scale(0.75);
    -ms-transform: scale(0.75);
    transform: scale(0.75);
  }
}

.emotion-0>div {
  border-radius: 100%;
  height: 15px;
  margin: 2px;
  width: 15px;
  background-color: #ffffff;
  -webkit-animation-fill-mode: both;
  animation-fill-mode: both;
  -webkit-animation: animation-0 0.7s 0s infinite linear;
  animation: animation-0 0.7s 0s infinite linear;
  display: inline-block;
}

.emotion-0>div:nth-of-type(2n-1) {
  -webkit-animation-delay: -0.35s;
  animation-delay: -0.35s;
}

<div
  class="emotion-0"
>
  <div />
  <div />
  <div />
</div>
`;
