// Jest Snapshot v1, https://goo.gl/fbAQLP

exports[`<BallSpinLoader> BallSpinLoader should match snapshot 1`] = `
@keyframes animation-0 {
  100% {
    opacity: 1;
  }

  75% {
    opacity: 0.2;
  }
}

@keyframes animation-0 {
  100% {
    opacity: 1;
  }

  75% {
    opacity: 0.2;
  }
}

@keyframes animation-0 {
  100% {
    opacity: 1;
  }

  75% {
    opacity: 0.2;
  }
}

@keyframes animation-0 {
  100% {
    opacity: 1;
  }

  75% {
    opacity: 0.2;
  }
}

@keyframes animation-0 {
  100% {
    opacity: 1;
  }

  75% {
    opacity: 0.2;
  }
}

@keyframes animation-0 {
  100% {
    opacity: 1;
  }

  75% {
    opacity: 0.2;
  }
}

@keyframes animation-0 {
  100% {
    opacity: 1;
  }

  75% {
    opacity: 0.2;
  }
}

@keyframes animation-0 {
  100% {
    opacity: 1;
  }

  75% {
    opacity: 0.2;
  }
}

.emotion-0 {
  position: relative;
}

.emotion-0>div:nth-of-type(1) {
  -webkit-animation: animation-0 2s 0.9 infinite linear;
  animation: animation-0 2s 0.9 infinite linear;
  left: 0;
  top: 45px;
}

.emotion-0>div:nth-of-type(2) {
  -webkit-animation: animation-0 2s 1.8s infinite linear;
  animation: animation-0 2s 1.8s infinite linear;
  left: 30.68181818181818px;
  top: 30.68181818181818px;
}

.emotion-0>div:nth-of-type(3) {
  -webkit-animation: animation-0 2s 2.7s infinite linear;
  animation: animation-0 2s 2.7s infinite linear;
  left: 45px;
  top: 0;
}

.emotion-0>div:nth-of-type(4) {
  -webkit-animation: animation-0 2s 3.6s infinite linear;
  animation: animation-0 2s 3.6s infinite linear;
  left: 30.68181818181818px;
  top: -30.68181818181818px;
}

.emotion-0>div:nth-of-type(5) {
  -webkit-animation: animation-0 2s 4.5s infinite linear;
  animation: animation-0 2s 4.5s infinite linear;
  left: 0;
  top: -45px;
}

.emotion-0>div:nth-of-type(6) {
  -webkit-animation: animation-0 2s 5.4s infinite linear;
  animation: animation-0 2s 5.4s infinite linear;
  left: -30.68181818181818px;
  top: -30.68181818181818px;
}

.emotion-0>div:nth-of-type(7) {
  -webkit-animation: animation-0 2s 6.3s infinite linear;
  animation: animation-0 2s 6.3s infinite linear;
  left: -45px;
  top: 0;
}

.emotion-0>div:nth-of-type(8) {
  -webkit-animation: animation-0 2s 7.2s infinite linear;
  animation: animation-0 2s 7.2s infinite linear;
  left: -30.68181818181818px;
  top: 30.68181818181818px;
}

.emotion-0>div {
  -webkit-animation-fill-mode: both;
  animation-fill-mode: both;
  background: #ffffff;
  border-radius: 100%;
  height: 15px;
  position: absolute;
  width: 15px;
}

<div
  class="emotion-0"
>
  <div />
  <div />
  <div />
  <div />
  <div />
  <div />
  <div />
  <div />
</div>
`;
