// Jest Snapshot v1, https://goo.gl/fbAQLP

exports[`<BallClipRotatePulse> BallClipRotatePulse should match snapshot 1`] = `
@keyframes animation-0 {
  100% {
    -webkit-transform: scale(1);
    -moz-transform: scale(1);
    -ms-transform: scale(1);
    transform: scale(1);
  }

  30% {
    -webkit-transform: scale(0.3);
    -moz-transform: scale(0.3);
    -ms-transform: scale(0.3);
    transform: scale(0.3);
  }
}

@keyframes animation-1 {
  0% {
    -webkit-transform: rotate(0deg) scale(1);
    -moz-transform: rotate(0deg) scale(1);
    -ms-transform: rotate(0deg) scale(1);
    transform: rotate(0deg) scale(1);
  }

  100% {
    -webkit-transform: rotate(360deg) scale(1);
    -moz-transform: rotate(360deg) scale(1);
    -ms-transform: rotate(360deg) scale(1);
    transform: rotate(360deg) scale(1);
  }

  50% {
    -webkit-transform: rotate(180deg) scale(0.6);
    -moz-transform: rotate(180deg) scale(0.6);
    -ms-transform: rotate(180deg) scale(0.6);
    transform: rotate(180deg) scale(0.6);
  }
}

.emotion-0 {
  position: relative;
  -webkit-transform: translateY(-15px);
  -moz-transform: translateY(-15px);
  -ms-transform: translateY(-15px);
  transform: translateY(-15px);
}

.emotion-0>div {
  border-radius: 100%;
  height: 15px;
  margin: 2px;
  width: 15px;
  background-color: #ffffff;
  -webkit-animation-fill-mode: both;
  animation-fill-mode: both;
  left: 0px;
  position: absolute;
  top: 0px;
}

.emotion-0>div:first-of-type {
  -webkit-animation: animation-0 1s 0s cubic-bezier(.09,.57,.49,.9) infinite;
  animation: animation-0 1s 0s cubic-bezier(.09,.57,.49,.9) infinite;
  background: #ffffff;
  height: 16px;
  left: -7px;
  top: 7px;
  width: 16px;
}

.emotion-0>div:last-child {
  -webkit-animation: animation-1 1s 0s cubic-bezier(.09,.57,.49,.9) infinite;
  animation: animation-1 1s 0s cubic-bezier(.09,.57,.49,.9) infinite;
  -webkit-animation-duration: 1s;
  animation-duration: 1s;
  background: transparent;
  border: 2px solid;
  border-color: #ffffff transparent #ffffff transparent;
  height: 30px;
  left: -16px;
  position: absolute;
  top: -2px;
  width: 30px;
}

<div
  class="emotion-0"
>
  <div />
  <div />
</div>
`;
