// Jest Snapshot v1, https://goo.gl/fbAQLP

exports[`<BallScaleRipple> BallScaleRipple should match snapshot 1`] = `
@keyframes animation-0 {
  0% {
    opacity: 1;
    -webkit-transform: scale(0.1);
    -moz-transform: scale(0.1);
    -ms-transform: scale(0.1);
    transform: scale(0.1);
  }

  100% {
    opacity: 0;
  }

  70% {
    opacity: 0.7;
    -webkit-transform: scale(1);
    -moz-transform: scale(1);
    -ms-transform: scale(1);
    transform: scale(1);
  }
}

.emotion-0>div {
  -webkit-animation-fill-mode: both;
  animation-fill-mode: both;
  -webkit-animation: animation-0 1s 0s infinite cubic-bezier(.21,.53,.56,.8);
  animation: animation-0 1s 0s infinite cubic-bezier(.21,.53,.56,.8);
  border: 2px solid #ffffff;
  border-radius: 100%;
  height: 50px;
  width: 50px;
}

<div
  class="emotion-0"
>
  <div />
</div>
`;
