// Jest Snapshot v1, https://goo.gl/fbAQLP

exports[`<BallZigZag> BallZigZag should match snapshot 1`] = `
@keyframes animation-0 {
  100% {
    -webkit-transform: translate(0, 0);
    -moz-transform: translate(0, 0);
    -ms-transform: translate(0, 0);
    transform: translate(0, 0);
  }

  33% {
    -webkit-transform: translate(-15px, -30px);
    -moz-transform: translate(-15px, -30px);
    -ms-transform: translate(-15px, -30px);
    transform: translate(-15px, -30px);
  }

  66% {
    -webkit-transform: translate(15px, -30px);
    -moz-transform: translate(15px, -30px);
    -ms-transform: translate(15px, -30px);
    transform: translate(15px, -30px);
  }
}

@keyframes animation-1 {
  100% {
    -webkit-transform: translate(0, 0);
    -moz-transform: translate(0, 0);
    -ms-transform: translate(0, 0);
    transform: translate(0, 0);
  }

  33% {
    -webkit-transform: translate(15px, 30px);
    -moz-transform: translate(15px, 30px);
    -ms-transform: translate(15px, 30px);
    transform: translate(15px, 30px);
  }

  66% {
    -webkit-transform: translate(-15px, 30px);
    -moz-transform: translate(-15px, 30px);
    -ms-transform: translate(-15px, 30px);
    transform: translate(-15px, 30px);
  }
}

.emotion-0 {
  position: relative;
  -webkit-transform: translate(-15px, -15px);
  -moz-transform: translate(-15px, -15px);
  -ms-transform: translate(-15px, -15px);
  transform: translate(-15px, -15px);
}

.emotion-0>div {
  border-radius: 100%;
  height: 15px;
  margin: 2px;
  width: 15px;
  background-color: #ffffff;
  -webkit-animation-fill-mode: both;
  animation-fill-mode: both;
  left: -7px;
  margin-left: 15px;
  position: absolute;
  top: 4px;
}

.emotion-0>div:first-of-type {
  -webkit-animation: animation-0 0.7s 0s infinite linear;
  animation: animation-0 0.7s 0s infinite linear;
}

.emotion-0>div:last-child {
  -webkit-animation: animation-1 0.7s 0s infinite linear;
  animation: animation-1 0.7s 0s infinite linear;
}

<div
  class="emotion-0"
>
  <div />
  <div />
</div>
`;
