// Jest Snapshot v1, https://goo.gl/fbAQLP

exports[`<BallTrianglePath> BallTrianglePath should match snapshot 1`] = `
@keyframes animation-0 {
  100% {
    -webkit-transform: translate(0px, 0px);
    -moz-transform: translate(0px, 0px);
    -ms-transform: translate(0px, 0px);
    transform: translate(0px, 0px);
  }

  33% {
    -webkit-transform: translate(25px, -50px);
    -moz-transform: translate(25px, -50px);
    -ms-transform: translate(25px, -50px);
    transform: translate(25px, -50px);
  }

  66% {
    -webkit-transform: translate(50px, 0px);
    -moz-transform: translate(50px, 0px);
    -ms-transform: translate(50px, 0px);
    transform: translate(50px, 0px);
  }
}

@keyframes animation-1 {
  100% {
    -webkit-transform: translate(0px, 0px);
    -moz-transform: translate(0px, 0px);
    -ms-transform: translate(0px, 0px);
    transform: translate(0px, 0px);
  }

  33% {
    -webkit-transform: translate(25px, 50px);
    -moz-transform: translate(25px, 50px);
    -ms-transform: translate(25px, 50px);
    transform: translate(25px, 50px);
  }

  66% {
    -webkit-transform: translate(-25px, 50px);
    -moz-transform: translate(-25px, 50px);
    -ms-transform: translate(-25px, 50px);
    transform: translate(-25px, 50px);
  }
}

@keyframes animation-2 {
  100% {
    -webkit-transform: translate(0px, 0px);
    -moz-transform: translate(0px, 0px);
    -ms-transform: translate(0px, 0px);
    transform: translate(0px, 0px);
  }

  33% {
    -webkit-transform: translate(-50px, 0px);
    -moz-transform: translate(-50px, 0px);
    -ms-transform: translate(-50px, 0px);
    transform: translate(-50px, 0px);
  }

  66% {
    -webkit-transform: translate(-25px, -50px);
    -moz-transform: translate(-25px, -50px);
    -ms-transform: translate(-25px, -50px);
    transform: translate(-25px, -50px);
  }
}

.emotion-0 {
  position: relative;
  -webkit-transform: translate(-29.994001199760046px, -37.50937734433609px);
  -moz-transform: translate(-29.994001199760046px, -37.50937734433609px);
  -ms-transform: translate(-29.994001199760046px, -37.50937734433609px);
  transform: translate(-29.994001199760046px, -37.50937734433609px);
}

.emotion-0>div:nth-of-type(1) {
  -webkit-animation-delay: 0;
  animation-delay: 0;
  -webkit-animation-duration: 2s;
  animation-duration: 2s;
  -webkit-animation-iteration-count: infinite;
  animation-iteration-count: infinite;
  -webkit-animation-name: animation-0;
  animation-name: animation-0;
  -webkit-animation-timing-function: ease-in-out;
  animation-timing-function: ease-in-out;
}

.emotion-0>div:nth-of-type(2) {
  -webkit-animation-delay: 0;
  animation-delay: 0;
  -webkit-animation-duration: 2s;
  animation-duration: 2s;
  -webkit-animation-iteration-count: infinite;
  animation-iteration-count: infinite;
  -webkit-animation-name: animation-1;
  animation-name: animation-1;
  -webkit-animation-timing-function: ease-in-out;
  animation-timing-function: ease-in-out;
}

.emotion-0>div:nth-of-type(3) {
  -webkit-animation-delay: 0;
  animation-delay: 0;
  -webkit-animation-duration: 2s;
  animation-duration: 2s;
  -webkit-animation-iteration-count: infinite;
  animation-iteration-count: infinite;
  -webkit-animation-name: animation-2;
  animation-name: animation-2;
  -webkit-animation-timing-function: ease-in-out;
  animation-timing-function: ease-in-out;
}

.emotion-0>div {
  border-radius: 100%;
  height: 10px;
  margin: 2px;
  width: 10px;
  background-color: #ffffff;
  -webkit-animation-fill-mode: both;
  animation-fill-mode: both;
  border: 1px solid #ffffff;
  position: absolute;
}

.emotion-0>div:nth-of-type(1) {
  top: 50px;
}

.emotion-0>div:nth-of-type(2) {
  left: 25px;
}

.emotion-0>div:nth-of-type(3) {
  left: 50px;
  top: 50px;
}

<div
  class="emotion-0"
>
  <div />
  <div />
  <div />
</div>
`;
