// Jest Snapshot v1, https://goo.gl/fbAQLP

exports[`<BallGridPulse> BallGridPulse should match snapshot 1`] = `
@keyframes animation-0 {
  0% {
    -webkit-transform: scale(1);
    -moz-transform: scale(1);
    -ms-transform: scale(1);
    transform: scale(1);
  }

  100% {
    opacity: 1;
    -webkit-transform: scale(1);
    -moz-transform: scale(1);
    -ms-transform: scale(1);
    transform: scale(1);
  }

  50% {
    opacity: 0.7;
    -webkit-transform: scale(0.5);
    -moz-transform: scale(0.5);
    -ms-transform: scale(0.5);
    transform: scale(0.5);
  }
}

.emotion-0 {
  width: 57px;
}

.emotion-0>div {
  border-radius: 100%;
  height: 15px;
  margin: 2px;
  width: 15px;
  background-color: #ffffff;
  -webkit-animation-fill-mode: both;
  animation-fill-mode: both;
  -webkit-animation-delay: 0;
  animation-delay: 0;
  -webkit-animation-iteration-count: infinite;
  animation-iteration-count: infinite;
  -webkit-animation-name: animation-0;
  animation-name: animation-0;
  display: inline-block;
  float: left;
}

.emotion-0>div:nth-of-type(1) {
  -webkit-animation-delay: 0.3s;
  animation-delay: 0.3s;
  -webkit-animation-duration: 1.1s;
  animation-duration: 1.1s;
}

.emotion-0>div:nth-of-type(2) {
  -webkit-animation-delay: 0.3s;
  animation-delay: 0.3s;
  -webkit-animation-duration: 1.1s;
  animation-duration: 1.1s;
}

.emotion-0>div:nth-of-type(3) {
  -webkit-animation-delay: 0.3s;
  animation-delay: 0.3s;
  -webkit-animation-duration: 1.1s;
  animation-duration: 1.1s;
}

.emotion-0>div:nth-of-type(4) {
  -webkit-animation-delay: 0.3s;
  animation-delay: 0.3s;
  -webkit-animation-duration: 1.1s;
  animation-duration: 1.1s;
}

.emotion-0>div:nth-of-type(5) {
  -webkit-animation-delay: 0.3s;
  animation-delay: 0.3s;
  -webkit-animation-duration: 1.1s;
  animation-duration: 1.1s;
}

.emotion-0>div:nth-of-type(6) {
  -webkit-animation-delay: 0.3s;
  animation-delay: 0.3s;
  -webkit-animation-duration: 1.1s;
  animation-duration: 1.1s;
}

.emotion-0>div:nth-of-type(7) {
  -webkit-animation-delay: 0.3s;
  animation-delay: 0.3s;
  -webkit-animation-duration: 1.1s;
  animation-duration: 1.1s;
}

.emotion-0>div:nth-of-type(8) {
  -webkit-animation-delay: 0.3s;
  animation-delay: 0.3s;
  -webkit-animation-duration: 1.1s;
  animation-duration: 1.1s;
}

.emotion-0>div:nth-of-type(9) {
  -webkit-animation-delay: 0.3s;
  animation-delay: 0.3s;
  -webkit-animation-duration: 1.1s;
  animation-duration: 1.1s;
}

<div
  class="emotion-0"
>
  <div />
  <div />
  <div />
  <div />
  <div />
  <div />
  <div />
  <div />
  <div />
</div>
`;
