// Jest Snapshot v1, https://goo.gl/fbAQLP

exports[`<BallClipRotateMultiple> BallClipRotateMultiple should match snapshot 1`] = `
@keyframes animation-0 {
  0% {
    -webkit-transform: rotate(0deg) scale(1);
    -moz-transform: rotate(0deg) scale(1);
    -ms-transform: rotate(0deg) scale(1);
    transform: rotate(0deg) scale(1);
  }

  100% {
    -webkit-transform: rotate(360deg) scale(1);
    -moz-transform: rotate(360deg) scale(1);
    -ms-transform: rotate(360deg) scale(1);
    transform: rotate(360deg) scale(1);
  }

  50% {
    -webkit-transform: rotate(180deg) scale(0.6);
    -moz-transform: rotate(180deg) scale(0.6);
    -ms-transform: rotate(180deg) scale(0.6);
    transform: rotate(180deg) scale(0.6);
  }
}

.emotion-0 {
  position: relative;
}

.emotion-0>div {
  -webkit-animation-fill-mode: both;
  animation-fill-mode: both;
  -webkit-animation: animation-0 1s 0s ease-in-out infinite;
  animation: animation-0 1s 0s ease-in-out infinite;
  border: 2px solid #ffffff;
  border-bottom-color: transparent;
  border-radius: 100%;
  border-top-color: transparent;
  height: 35px;
  left: -20px;
  position: absolute;
  top: -20px;
  width: 35px;
}

.emotion-0>div:last-child {
  -webkit-animation-direction: reverse;
  animation-direction: reverse;
  -webkit-animation-duration: 0.5s;
  animation-duration: 0.5s;
  border-color: #ffffff transparent #ffffff transparent;
  display: inline-block;
  height: 15px;
  left: -10px;
  top: -10px;
  width: 15px;
}

<div
  class="emotion-0"
>
  <div />
  <div />
</div>
`;
