// Jest Snapshot v1, https://goo.gl/fbAQLP

exports[`<BallPulseRound> BallPulseRound should match snapshot 1`] = `
@keyframes animation-0 {
  0% {
    -webkit-transform: scale(0.0);
    -moz-transform: scale(0.0);
    -ms-transform: scale(0.0);
    transform: scale(0.0);
  }

  100% {
    -webkit-transform: scale(0.0);
    -moz-transform: scale(0.0);
    -ms-transform: scale(0.0);
    transform: scale(0.0);
  }

  40% {
    -webkit-transform: scale(1.0);
    -moz-transform: scale(1.0);
    -ms-transform: scale(1.0);
    transform: scale(1.0);
  }

  80% {
    -webkit-transform: scale(0.0);
    -moz-transform: scale(0.0);
    -ms-transform: scale(0.0);
    transform: scale(0.0);
  }
}

.emotion-0>div {
  border-radius: 100%;
  height: 10px;
  margin: 2px;
  width: 10px;
  background-color: #ffffff;
  -webkit-animation-fill-mode: both;
  animation-fill-mode: both;
  -webkit-animation: animation-0 1.2s infinite ease-in-out;
  animation: animation-0 1.2s infinite ease-in-out;
}

<div
  class="emotion-0"
>
  <div />
</div>
`;
