// Jest Snapshot v1, https://goo.gl/fbAQLP

exports[`<BallClipRotate> BallClipRotate should match snapshot 1`] = `
@keyframes animation-0 {
  0% {
    -webkit-transform: rotate(0deg);
    -moz-transform: rotate(0deg);
    -ms-transform: rotate(0deg);
    transform: rotate(0deg);
  }

  100% {
    -webkit-transform: rotate(360deg);
    -moz-transform: rotate(360deg);
    -ms-transform: rotate(360deg);
    transform: rotate(360deg);
  }

  50% {
    -webkit-transform: rotate(180deg);
    -moz-transform: rotate(180deg);
    -ms-transform: rotate(180deg);
    transform: rotate(180deg);
  }
}

.emotion-0 {
  border-radius: 100%;
  height: 26px;
  margin: 2px;
  width: 26px;
  background-color: #ffffff;
  -webkit-animation-fill-mode: both;
  animation-fill-mode: both;
  -webkit-animation: animation-0 0.75s 0s linear infinite;
  animation: animation-0 0.75s 0s linear infinite;
  background: transparent!important;
  border: 2px solid #ffffff;
  border-bottom-color: transparent;
  display: inline-block;
}

<div
  class="emotion-0"
>
  <div />
</div>
`;
