// Jest Snapshot v1, https://goo.gl/fbAQLP

exports[`<LineScale> LineScale should match snapshot 1`] = `
@keyframes animation-0 {
  0% {
    -webkit-transform: scaley(1.0);
    -moz-transform: scaley(1.0);
    -ms-transform: scaley(1.0);
    transform: scaley(1.0);
  }

  100% {
    -webkit-transform: scaley(1.0);
    -moz-transform: scaley(1.0);
    -ms-transform: scaley(1.0);
    transform: scaley(1.0);
  }

  50% {
    -webkit-transform: scaley(0.4);
    -moz-transform: scaley(0.4);
    -ms-transform: scaley(0.4);
    transform: scaley(0.4);
  }
}

@keyframes animation-0 {
  0% {
    -webkit-transform: scaley(1.0);
    -moz-transform: scaley(1.0);
    -ms-transform: scaley(1.0);
    transform: scaley(1.0);
  }

  100% {
    -webkit-transform: scaley(1.0);
    -moz-transform: scaley(1.0);
    -ms-transform: scaley(1.0);
    transform: scaley(1.0);
  }

  50% {
    -webkit-transform: scaley(0.4);
    -moz-transform: scaley(0.4);
    -ms-transform: scaley(0.4);
    transform: scaley(0.4);
  }
}

@keyframes animation-0 {
  0% {
    -webkit-transform: scaley(1.0);
    -moz-transform: scaley(1.0);
    -ms-transform: scaley(1.0);
    transform: scaley(1.0);
  }

  100% {
    -webkit-transform: scaley(1.0);
    -moz-transform: scaley(1.0);
    -ms-transform: scaley(1.0);
    transform: scaley(1.0);
  }

  50% {
    -webkit-transform: scaley(0.4);
    -moz-transform: scaley(0.4);
    -ms-transform: scaley(0.4);
    transform: scaley(0.4);
  }
}

@keyframes animation-0 {
  0% {
    -webkit-transform: scaley(1.0);
    -moz-transform: scaley(1.0);
    -ms-transform: scaley(1.0);
    transform: scaley(1.0);
  }

  100% {
    -webkit-transform: scaley(1.0);
    -moz-transform: scaley(1.0);
    -ms-transform: scaley(1.0);
    transform: scaley(1.0);
  }

  50% {
    -webkit-transform: scaley(0.4);
    -moz-transform: scaley(0.4);
    -ms-transform: scaley(0.4);
    transform: scaley(0.4);
  }
}

@keyframes animation-0 {
  0% {
    -webkit-transform: scaley(1.0);
    -moz-transform: scaley(1.0);
    -ms-transform: scaley(1.0);
    transform: scaley(1.0);
  }

  100% {
    -webkit-transform: scaley(1.0);
    -moz-transform: scaley(1.0);
    -ms-transform: scaley(1.0);
    transform: scaley(1.0);
  }

  50% {
    -webkit-transform: scaley(0.4);
    -moz-transform: scaley(0.4);
    -ms-transform: scaley(0.4);
    transform: scaley(0.4);
  }
}

@keyframes animation-0 {
  0% {
    -webkit-transform: scaley(1.0);
    -moz-transform: scaley(1.0);
    -ms-transform: scaley(1.0);
    transform: scaley(1.0);
  }

  100% {
    -webkit-transform: scaley(1.0);
    -moz-transform: scaley(1.0);
    -ms-transform: scaley(1.0);
    transform: scaley(1.0);
  }

  50% {
    -webkit-transform: scaley(0.4);
    -moz-transform: scaley(0.4);
    -ms-transform: scaley(0.4);
    transform: scaley(0.4);
  }
}

@keyframes animation-0 {
  0% {
    -webkit-transform: scaley(1.0);
    -moz-transform: scaley(1.0);
    -ms-transform: scaley(1.0);
    transform: scaley(1.0);
  }

  100% {
    -webkit-transform: scaley(1.0);
    -moz-transform: scaley(1.0);
    -ms-transform: scaley(1.0);
    transform: scaley(1.0);
  }

  50% {
    -webkit-transform: scaley(0.4);
    -moz-transform: scaley(0.4);
    -ms-transform: scaley(0.4);
    transform: scaley(0.4);
  }
}

@keyframes animation-0 {
  0% {
    -webkit-transform: scaley(1.0);
    -moz-transform: scaley(1.0);
    -ms-transform: scaley(1.0);
    transform: scaley(1.0);
  }

  100% {
    -webkit-transform: scaley(1.0);
    -moz-transform: scaley(1.0);
    -ms-transform: scaley(1.0);
    transform: scaley(1.0);
  }

  50% {
    -webkit-transform: scaley(0.4);
    -moz-transform: scaley(0.4);
    -ms-transform: scaley(0.4);
    transform: scaley(0.4);
  }
}

@keyframes animation-0 {
  0% {
    -webkit-transform: scaley(1.0);
    -moz-transform: scaley(1.0);
    -ms-transform: scaley(1.0);
    transform: scaley(1.0);
  }

  100% {
    -webkit-transform: scaley(1.0);
    -moz-transform: scaley(1.0);
    -ms-transform: scaley(1.0);
    transform: scaley(1.0);
  }

  50% {
    -webkit-transform: scaley(0.4);
    -moz-transform: scaley(0.4);
    -ms-transform: scaley(0.4);
    transform: scaley(0.4);
  }
}

.emotion-0>div:nth-of-type(1) {
  -webkit-animation: animation-0 1s -0.40s infinite cubic-bezier(.2,.68,.18,1.08);
  animation: animation-0 1s -0.40s infinite cubic-bezier(.2,.68,.18,1.08);
}

.emotion-0>div:nth-of-type(2) {
  -webkit-animation: animation-0 1s -0.30s infinite cubic-bezier(.2,.68,.18,1.08);
  animation: animation-0 1s -0.30s infinite cubic-bezier(.2,.68,.18,1.08);
}

.emotion-0>div:nth-of-type(3) {
  -webkit-animation: animation-0 1s -0.20s infinite cubic-bezier(.2,.68,.18,1.08);
  animation: animation-0 1s -0.20s infinite cubic-bezier(.2,.68,.18,1.08);
}

.emotion-0>div:nth-of-type(4) {
  -webkit-animation: animation-0 1s -0.10s infinite cubic-bezier(.2,.68,.18,1.08);
  animation: animation-0 1s -0.10s infinite cubic-bezier(.2,.68,.18,1.08);
}

.emotion-0>div:nth-of-type(5) {
  -webkit-animation: animation-0 1s 0.00s infinite cubic-bezier(.2,.68,.18,1.08);
  animation: animation-0 1s 0.00s infinite cubic-bezier(.2,.68,.18,1.08);
}

.emotion-0>div:nth-of-type(6) {
  -webkit-animation: animation-0 1s 0.10s infinite cubic-bezier(.2,.68,.18,1.08);
  animation: animation-0 1s 0.10s infinite cubic-bezier(.2,.68,.18,1.08);
}

.emotion-0>div:nth-of-type(7) {
  -webkit-animation: animation-0 1s 0.20s infinite cubic-bezier(.2,.68,.18,1.08);
  animation: animation-0 1s 0.20s infinite cubic-bezier(.2,.68,.18,1.08);
}

.emotion-0>div:nth-of-type(8) {
  -webkit-animation: animation-0 1s 0.30s infinite cubic-bezier(.2,.68,.18,1.08);
  animation: animation-0 1s 0.30s infinite cubic-bezier(.2,.68,.18,1.08);
}

.emotion-0>div:nth-of-type(9) {
  -webkit-animation: animation-0 1s 0.40s infinite cubic-bezier(.2,.68,.18,1.08);
  animation: animation-0 1s 0.40s infinite cubic-bezier(.2,.68,.18,1.08);
}

.emotion-0>div {
  border-radius: 2px;
  height: 35px;
  margin: 2px;
  width: 4px;
  background-color: #ffffff;
  -webkit-animation-fill-mode: both;
  animation-fill-mode: both;
  display: inline-block;
}

<div
  class="emotion-0"
>
  <div />
  <div />
  <div />
  <div />
  <div />
</div>
`;
