// Jest Snapshot v1, https://goo.gl/fbAQLP

exports[`mixins mixins to match snapshot 1`] = `
{
  "ballGrid": [Function],
  "balls": [Function],
  "globalAnimation": [Function],
  "globalBg": [Function],
  "lines": [Function],
}
`;
