// Jest Snapshot v1, https://goo.gl/fbAQLP

exports[`<TriangleSkewSpin> TriangleSkewSpin should match snapshot 1`] = `
@keyframes animation-0 {
  100% {
    -webkit-transform: perspective(100px) rotateX(0) rotateY(0);
    -moz-transform: perspective(100px) rotateX(0) rotateY(0);
    -ms-transform: perspective(100px) rotateX(0) rotateY(0);
    transform: perspective(100px) rotateX(0) rotateY(0);
  }

  25% {
    -webkit-transform: perspective(100px) rotateX(180deg) rotateY(0);
    -moz-transform: perspective(100px) rotateX(180deg) rotateY(0);
    -ms-transform: perspective(100px) rotateX(180deg) rotateY(0);
    transform: perspective(100px) rotateX(180deg) rotateY(0);
  }

  50% {
    -webkit-transform: perspective(100px) rotateX(180deg) rotateY(180deg);
    -moz-transform: perspective(100px) rotateX(180deg) rotateY(180deg);
    -ms-transform: perspective(100px) rotateX(180deg) rotateY(180deg);
    transform: perspective(100px) rotateX(180deg) rotateY(180deg);
  }

  75% {
    -webkit-transform: perspective(100px) rotateX(0) rotateY(180deg);
    -moz-transform: perspective(100px) rotateX(0) rotateY(180deg);
    -ms-transform: perspective(100px) rotateX(0) rotateY(180deg);
    transform: perspective(100px) rotateX(0) rotateY(180deg);
  }
}

.emotion-0>div {
  -webkit-animation-fill-mode: both;
  animation-fill-mode: both;
  -webkit-animation: animation-0 3s 0s cubic-bezier(.09,.57,.49,.9) infinite;
  animation: animation-0 3s 0s cubic-bezier(.09,.57,.49,.9) infinite;
  border-bottom: 20px solid #ffffff;
  border-left: 20px solid transparent;
  border-right: 20px solid transparent;
  height: 0;
  width: 0;
}

<div
  class="emotion-0"
>
  <div />
</div>
`;
